[backblue.gif]
[fade.gif]
[index.html]
[localhost/cazoo/feed/index.html]
[localhost/cazoo/comments/feed/index.html]
[localhost/cazoo/wp-includes/js/jquery/jqueryb8ff.js]
[localhost/cazoo/wp-includes/js/jquery/jquery-migrate.min330a.js]
[localhost/cazoo/wp-content/plugins/typed/js/typedcbf4.js]
[localhost/cazoo/wp-content/plugins/typed/js/frontendcbf4.js]
[localhost/cazoo/xmlrpc0db0.php]
[localhost/cazoo/wp-includes/wlwmanifest.xml]
[localhost/cazoo/wp-json/index.html]
[localhost/cazoo/wp-json/oembed/1.0/embede796.json]
[localhost/cazoo/wp-json/oembed/1.0/embedc0eb]
[localhost/cazoo/wp-content/uploads/2018/03/web_redesign-09xx-09.png]
[localhost/cazoo/wp-content/uploads/2018/04/xx-11.png]
[localhost/cazoo/wp-content/uploads/2018/03/jetblack_v2x-11x-12.png]
[localhost/cazoo/wp-content/plugins/omp-scroll-to/assets/js/vendor/jump.js]
[localhost/cazoo/wp-content/plugins/omp-scroll-to/assets/js/omp-scroll-to.js]
[localhost/cazoo/wp-content/plugins/om-cc-carousel/shared/assets/js/vendor/masonry/imagesloaded.pkgd.minbfce.js]
[localhost/cazoo/wp-content/plugins/om-cc-carousel/shared/assets/js/vendor/masonry/masonry.pkgd.minbfce.js]
[localhost/cazoo/wp-content/themes/smoothly/assets/js/vendor/reactive-images-css.umd.min0ba6.js]
[localhost/cazoo/wp-content/plugins/om-cc-carousel/shared/assets/js/vendor/lazysizes.minc358.js]
[localhost/cazoo/wp-content/plugins/om-cc-carousel/shared/assets/js/lazysizes.mind85d.js]
[localhost/cazoo/wp-content/plugins/om-cc-carousel/shared/assets/js/vendor/photoswipe/photoswipe.mina871.js]
[localhost/cazoo/wp-content/plugins/om-cc-carousel/shared/assets/js/vendor/photoswipe/photoswipe-ui-default.mina871.js]
[localhost/cazoo/wp-content/plugins/om-cc-carousel/shared/assets/js/photoswipe-lightbox.mind85d.js]
[localhost/cazoo/wp-content/plugins/om-cc-carousel/shared/assets/js/jquery.wave-activate.min8a54.js]
[localhost/cazoo/wp-content/plugins/om-cc-carousel/assets/js/scripts.mind046.js]
[localhost/cazoo/wp-content/plugins/om-cc-device/assets/js/scripts.mine34c.js]
[localhost/cazoo/wp-content/plugins/om-cc-carousel/shared/assets/js/grid.mind85d.js]
[localhost/cazoo/wp-content/plugins/om-cc-carousel/shared/assets/js/jquery.delayed.min8a54.js]
[localhost/cazoo/wp-content/themes/smoothly/assets/js/vendor/ScrollMagic.minc1b4.js]
[localhost/cazoo/wp-content/plugins/om-cc-carousel/shared/assets/js/vendor/scrollmagic/jquery.scrollmagic.minc1b4.js]
[localhost/cazoo/wp-content/plugins/om-cc-carousel/shared/assets/js/scroll.mind85d.js]
[localhost/cazoo/wp-content/plugins/om-cc-google-maps/assets/js/scripts.minedfb.js]
[localhost/cazoo/wp-content/plugins/om-cc-carousel/shared/assets/js/vendor/reactive-animation-effects.mind85d.js]
[localhost/cazoo/wp-content/plugins/omp-container/assets/js/scripts.mine0a5.js]
[localhost/cazoo/wp-content/themes/smoothly/assets/js/vendor/tether.min2fca.js]
[localhost/cazoo/wp-content/themes/smoothly/assets/js/vendor/bootstrap.mine351.js]
[localhost/cazoo/wp-content/themes/smoothly/assets/js/vendor/jquery.mousewheel.min20f0.js]
[localhost/cazoo/wp-content/themes/smoothly/assets/js/vendor/jquery.ScrollMagic.minc1b4.js]
[localhost/cazoo/wp-content/themes/smoothly/assets/js/vendor/select2.fullfa0c.js]
[localhost/cazoo/wp-content/themes/smoothly/assets/js/vendor/slick.minaff7.js]
[localhost/cazoo/wp-content/themes/smoothly/assets/js/scripts.minf269.js]
[localhost/cazoo/wp-includes/js/wp-embed.mincbf4.js]
[localhost/cazoo/wp-content/plugins/js_composer/assets/js/dist/js_composer_front.min5243.js]
[localhost/cazoo/wp-content/plugins/js_composer/assets/lib/bower/skrollr/dist/skrollr.min5243.js]
[localhost/cazoo/wp-content/plugins/js_composer/assets/lib/waypoints/waypoints.min5243.js]
[localhost/cazoo/index.html]
[localhost/cazoo/wp-content/plugins/omp-scroll-to/assets/css/stylescbf4.css]
[localhost/cazoo/wp-content/themes/smoothly/assets/fonts/ionicons790f.eot]
[localhost/cazoo/wp-content/themes/smoothly/assets/fonts/ionicons790f.ttf]
[localhost/cazoo/wp-content/themes/smoothly/assets/fonts/ionicons790f.woff]
[localhost/cazoo/wp-content/themes/smoothly/assets/css/ionicons.min7406.css]
[localhost/cazoo/wp-content/plugins/om-cc-carousel/shared/assets/fonts/creative-social-icons5f51.eot]
[localhost/cazoo/wp-content/plugins/om-cc-carousel/shared/assets/fonts/creative-social-icons5f51.woff2]
[localhost/cazoo/wp-content/plugins/om-cc-carousel/shared/assets/fonts/creative-social-icons5f51.woff]
[localhost/cazoo/wp-content/plugins/om-cc-carousel/shared/assets/fonts/creative-social-icons5f51.ttf]
[localhost/cazoo/wp-content/plugins/om-cc-carousel/shared/assets/css/social-icons.mind85d.css]
[localhost/cazoo/wp-content/plugins/om-cc-carousel/shared/assets/css/social-links.mind85d.css]
[localhost/cazoo/wp-content/plugins/om-cc-carousel/shared/assets/css/arrows.mind85d.css]
[localhost/cazoo/wp-content/plugins/om-cc-carousel/shared/assets/css/photoswipe/photoswipe.mind85d.css]
[localhost/cazoo/wp-content/plugins/om-cc-carousel/shared/assets/css/vendor/wave-activated85d.css]
[localhost/cazoo/wp-content/plugins/om-cc-carousel/assets/img/grabbing.png]
[localhost/cazoo/wp-content/plugins/om-cc-carousel/assets/css/styles.mind046.css]
[localhost/cazoo/wp-content/plugins/om-cc-device/assets/css/styles.mine34c.css]
[localhost/cazoo/wp-content/plugins/om-cc-carousel/shared/assets/css/grid.mind85d.css]
[localhost/cazoo/wp-content/plugins/om-cc-carousel/shared/assets/css/images.mind85d.css]
[localhost/cazoo/wp-content/plugins/om-cc-google-maps/assets/css/styles.minedfb.css]
[localhost/cazoo/wp-content/plugins/omp-container/assets/css/styles.mine0a5.css]
[localhost/cazoo/wp-content/plugins/omp-content-blocks/assets/css/styles.min68b3.css]
[localhost/cazoo/wp-content/plugins/omp-image/assets/css/styles.minecb5.css]
[localhost/cazoo/wp-content/themes/smoothly/assets/fonts/et-line.eot]
[localhost/cazoo/wp-content/themes/smoothly/assets/fonts/et-line.woff]
[localhost/cazoo/wp-content/themes/smoothly/assets/fonts/et-line.ttf]
[localhost/cazoo/wp-content/themes/smoothly/assets/css/et-line.css]
[localhost/cazoo/wp-content/themes/smoothly/assets/css/style.minf269.css]
[localhost/cazoo/wp-content/themes/smoothly/assets/fonts/et-lined41d.eot]
[localhost/cazoo/wp-content/plugins/js_composer/assets/vc/alert.png]
[localhost/cazoo/wp-content/plugins/js_composer/assets/vc/info.png]
[localhost/cazoo/wp-content/plugins/js_composer/assets/vc/tick.png]
[localhost/cazoo/wp-content/plugins/js_composer/assets/vc/exclamation.png]
[localhost/cazoo/wp-content/plugins/js_composer/assets/images/icons/address-book.png]
[localhost/cazoo/wp-content/plugins/js_composer/assets/images/icons/alarm-clock.png]
[localhost/cazoo/wp-content/plugins/js_composer/assets/images/icons/anchor.png]
[localhost/cazoo/wp-content/plugins/js_composer/assets/images/icons/application-image.png]
[localhost/cazoo/wp-content/plugins/js_composer/assets/images/icons/arrow.png]
[localhost/cazoo/wp-content/plugins/js_composer/assets/images/icons/asterisk.png]
[localhost/cazoo/wp-content/plugins/js_composer/assets/images/icons/auction-hammer.png]
[localhost/cazoo/wp-content/plugins/js_composer/assets/images/icons/balloon.png]
[localhost/cazoo/wp-content/plugins/js_composer/assets/images/icons/balloon-buzz.png]
[localhost/cazoo/wp-content/plugins/js_composer/assets/images/icons/balloon-facebook.png]
[localhost/cazoo/wp-content/plugins/js_composer/assets/images/icons/balloon-twitter.png]
[localhost/cazoo/wp-content/plugins/js_composer/assets/images/icons/battery-full.png]
[localhost/cazoo/wp-content/plugins/js_composer/assets/images/icons/binocular.png]
[localhost/cazoo/wp-content/plugins/js_composer/assets/images/icons/blue-document-excel.png]
[localhost/cazoo/wp-content/plugins/js_composer/assets/images/icons/blue-document-image.png]
[localhost/cazoo/wp-content/plugins/js_composer/assets/images/icons/blue-document-music.png]
[localhost/cazoo/wp-content/plugins/js_composer/assets/images/icons/blue-document-office.png]
[localhost/cazoo/wp-content/plugins/js_composer/assets/images/icons/blue-document-pdf.png]
[localhost/cazoo/wp-content/plugins/js_composer/assets/images/icons/blue-document-powerpoint.png]
[localhost/cazoo/wp-content/plugins/js_composer/assets/images/icons/blue-document-word.png]
[localhost/cazoo/wp-content/plugins/js_composer/assets/images/icons/bookmark.png]
[localhost/cazoo/wp-content/plugins/js_composer/assets/images/icons/camcorder.png]
[localhost/cazoo/wp-content/plugins/js_composer/assets/images/icons/camera.png]
[localhost/cazoo/wp-content/plugins/js_composer/assets/images/icons/chart.png]
[localhost/cazoo/wp-content/plugins/js_composer/assets/images/icons/chart-pie.png]
[localhost/cazoo/wp-content/plugins/js_composer/assets/images/icons/clock.png]
[localhost/cazoo/wp-content/plugins/js_composer/assets/images/icons/control.png]
[localhost/cazoo/wp-content/plugins/js_composer/assets/images/icons/fire.png]
[localhost/cazoo/wp-content/plugins/js_composer/assets/images/icons/heart.png]
[localhost/cazoo/wp-content/plugins/js_composer/assets/images/icons/mail.png]
[localhost/cazoo/wp-content/plugins/js_composer/assets/images/icons/plus-shield.png]
[localhost/cazoo/wp-content/plugins/js_composer/assets/images/icons/video.png]
[localhost/cazoo/wp-content/plugins/js_composer/assets/fonts/vc_icons_v2/fonts/vcpb-plugin-icons01aa.ttf]
[localhost/cazoo/wp-content/plugins/js_composer/assets/fonts/vc_icons_v2/fonts/vcpb-plugin-icons01aa.woff]
[localhost/cazoo/wp-content/plugins/js_composer/assets/images/toggle_open.png]
[localhost/cazoo/wp-content/plugins/js_composer/assets/images/toggle_close.png]
[localhost/cazoo/wp-content/plugins/js_composer/assets/images/flickr.png]
[localhost/cazoo/wp-content/plugins/js_composer/assets/fonts/vc_grid/vc_grid_v157a1.eot]
[localhost/cazoo/wp-content/plugins/js_composer/assets/fonts/vc_grid/vc_grid_v1d41d.eot]
[localhost/cazoo/wp-content/plugins/js_composer/assets/fonts/vc_grid/vc_grid_v157a1.woff]
[localhost/cazoo/wp-content/plugins/js_composer/assets/fonts/vc_grid/vc_grid_v157a1.ttf]
[localhost/cazoo/wp-content/plugins/js_composer/assets/images/spinner.gif]
[localhost/cazoo/wp-content/plugins/js_composer/assets/vc/remove.png]
[localhost/cazoo/wp-content/plugins/js_composer/assets/css/js_composer.min5243.css]
[localhost/cazoo/wp-json/oembed/1.0/embed5e4b.json]
[localhost/cazoo/wp-json/oembed/1.0/embedafa4]
[localhost/cazoo/overview-of-moxtra/index.html]
[localhost/cazoo/wp-content/uploads/2018/03/jetblack_v2x-11-18.png]
[localhost/cazoo/wp-json/oembed/1.0/embedef38.json]
[localhost/cazoo/wp-json/oembed/1.0/embed2f11]
[localhost/cazoo/who-are-moxtra/index.html]
[localhost/cazoo/wp-content/uploads/2018/03/web_redesign-13.png]
[localhost/cazoo/wp-json/oembed/1.0/embede699.json]
[localhost/cazoo/wp-json/oembed/1.0/embed598b]
[localhost/cazoo/ngos/index.html]
[localhost/cazoo/wp-json/oembed/1.0/embed7b0f.json]
[localhost/cazoo/wp-json/oembed/1.0/embed2dc5]
[localhost/cazoo/wp-content/uploads/2018/03/web_redesign-22x-22xx-22-300x72.png]
[localhost/cazoo/wp-content/uploads/2018/03/Untitled-5-03-150x150.png]
[localhost/cazoo/wp-content/uploads/2018/03/Untitled-5-02-150x150.png]
[localhost/cazoo/wp-content/uploads/2018/03/Untitled-5-06-150x150.png]
[localhost/cazoo/wp-content/uploads/2018/03/Untitled-5-04-150x150.png]
[localhost/cazoo/wp-content/uploads/2018/03/Untitled-5-01-150x150.png]
[localhost/cazoo/wp-content/uploads/2018/03/Untitled-5-05-150x150.png]
[localhost/cazoo/financial-services/index.html]
[localhost/cazoo/wp-content/plugins/js_composer/assets/lib/bower/animate-css/animate.min5243.css]
[localhost/cazoo/wp-content/themes/smoothly/assets/fonts/ionicons790f.svg]
[localhost/cazoo/wp-content/plugins/om-cc-carousel/shared/assets/fonts/creative-social-icons5f51.svg]
[localhost/cazoo/wp-content/plugins/om-cc-device/assets/img/flat/browser/browser-dark.svg]
[localhost/cazoo/wp-content/plugins/om-cc-device/assets/img/flat/browser/browser-light.svg]
[localhost/cazoo/wp-content/plugins/om-cc-device/assets/img/flat/desktop/black.svg]
[localhost/cazoo/wp-content/plugins/om-cc-device/assets/img/flat/desktop/white.svg]
[localhost/cazoo/wp-content/plugins/om-cc-device/assets/img/flat/laptop/black.svg]
[localhost/cazoo/wp-content/plugins/om-cc-device/assets/img/flat/laptop/white.svg]
[localhost/cazoo/wp-content/plugins/om-cc-device/assets/img/flat/laptop/alternative-black.svg]
[localhost/cazoo/wp-content/plugins/om-cc-device/assets/img/flat/laptop/alternative-white.svg]
[localhost/cazoo/wp-content/plugins/om-cc-device/assets/img/flat/phone-landscape/gold-landscape.svg]
[localhost/cazoo/wp-content/plugins/om-cc-device/assets/img/flat/phone-landscape/rose-landscape.svg]
[localhost/cazoo/wp-content/plugins/om-cc-device/assets/img/flat/phone-landscape/silver-landscape.svg]
[localhost/cazoo/wp-content/plugins/om-cc-device/assets/img/flat/phone-landscape/space-grey-landscape.svg]
[localhost/cazoo/wp-content/plugins/om-cc-device/assets/img/flat/phone-landscape/alternative-black-landscape.svg]
[localhost/cazoo/wp-content/plugins/om-cc-device/assets/img/flat/phone-landscape/alternative-white-landscape.svg]
[localhost/cazoo/wp-content/plugins/om-cc-device/assets/img/flat/phone-portrait/gold.svg]
[localhost/cazoo/wp-content/plugins/om-cc-device/assets/img/flat/phone-portrait/rose.svg]
[localhost/cazoo/wp-content/plugins/om-cc-device/assets/img/flat/phone-portrait/silver.svg]
[localhost/cazoo/wp-content/plugins/om-cc-device/assets/img/flat/phone-portrait/space-grey.svg]
[localhost/cazoo/wp-content/plugins/om-cc-device/assets/img/flat/phone-portrait/alternative-black.svg]
[localhost/cazoo/wp-content/plugins/om-cc-device/assets/img/flat/phone-portrait/alternative-white.svg]
[localhost/cazoo/wp-content/plugins/om-cc-device/assets/img/flat/tablet-landscape/black-landscape.svg]
[localhost/cazoo/wp-content/plugins/om-cc-device/assets/img/flat/tablet-landscape/white-landscape.svg]
[localhost/cazoo/wp-content/plugins/om-cc-device/assets/img/flat/tablet-portrait/black.svg]
[localhost/cazoo/wp-content/plugins/om-cc-device/assets/img/flat/tablet-portrait/white.svg]
[localhost/cazoo/wp-content/plugins/om-cc-device/assets/img/flat/watch/alternative-black.svg]
[localhost/cazoo/wp-content/plugins/om-cc-device/assets/img/flat/watch/alternative-white.svg]
[localhost/cazoo/wp-content/plugins/om-cc-device/assets/img/flat/watch/blue.svg]
[localhost/cazoo/wp-content/plugins/om-cc-device/assets/img/flat/watch/red.svg]
[localhost/cazoo/wp-content/plugins/om-cc-device/assets/img/flat/watch/yellow.svg]
[localhost/cazoo/wp-content/plugins/om-cc-device/assets/img/real/laptop/alternative-laptop.svg]
[localhost/cazoo/wp-content/plugins/om-cc-device/assets/img/real/laptop/gold.svg]
[localhost/cazoo/wp-content/plugins/om-cc-device/assets/img/real/laptop/silver.svg]
[localhost/cazoo/wp-content/plugins/om-cc-device/assets/img/real/laptop/space-grey.svg]
[localhost/cazoo/wp-content/plugins/om-cc-device/assets/img/real/other/browser.svg]
[localhost/cazoo/wp-content/plugins/om-cc-device/assets/img/real/other/desktop.svg]
[localhost/cazoo/wp-content/plugins/om-cc-device/assets/img/real/other/display.svg]
[localhost/cazoo/wp-content/plugins/om-cc-device/assets/img/real/phone/rose.svg]
[localhost/cazoo/wp-content/plugins/om-cc-device/assets/img/real/phone/silver.svg]
[localhost/cazoo/wp-content/plugins/om-cc-device/assets/img/real/phone/space-grey.svg]
[localhost/cazoo/wp-content/plugins/om-cc-device/assets/img/real/phone/gold.svg]
[localhost/cazoo/wp-content/plugins/om-cc-device/assets/img/real/phone/rose-landscape.svg]
[localhost/cazoo/wp-content/plugins/om-cc-device/assets/img/real/phone/silver-landscape.svg]
[localhost/cazoo/wp-content/plugins/om-cc-device/assets/img/real/phone/space-grey-landscape.svg]
[localhost/cazoo/wp-content/plugins/om-cc-device/assets/img/real/phone/gold-landscape.svg]
[localhost/cazoo/wp-content/plugins/om-cc-device/assets/img/real/tablet/gold.svg]
[localhost/cazoo/wp-content/plugins/om-cc-device/assets/img/real/tablet/black.svg]
[localhost/cazoo/wp-content/plugins/om-cc-device/assets/img/real/tablet/silver.svg]
[localhost/cazoo/wp-content/plugins/om-cc-device/assets/img/real/tablet/black-landscape.svg]
[localhost/cazoo/wp-content/plugins/om-cc-device/assets/img/real/tablet/gold-landscape.svg]
[localhost/cazoo/wp-content/plugins/om-cc-device/assets/img/real/tablet/silver-landscape.svg]
[localhost/cazoo/wp-content/plugins/om-cc-device/assets/img/real/watch/blue.svg]
[localhost/cazoo/wp-content/plugins/om-cc-device/assets/img/real/watch/red.svg]
[localhost/cazoo/wp-content/plugins/om-cc-device/assets/img/real/watch/steel.svg]
[localhost/cazoo/wp-content/plugins/om-cc-device/assets/img/real/watch/yellow.svg]
[localhost/cazoo/wp-content/themes/smoothly/assets/fonts/et-line.svg]
[localhost/cazoo/wp-content/plugins/js_composer/assets/fonts/vc_icons_v2/fonts/vcpb-plugin-icons01aa.svg]
[localhost/cazoo/wp-content/plugins/js_composer/assets/fonts/vc_grid/vc_grid_v157a1.svg]
[localhost/cazoo/index8cae.html]
[localhost/cazoo/index9787.html]
[localhost/cazoo/index3fbb.html]
[localhost/cazoo/indexe6f0.html]
[localhost/cazoo/wp-content/plugins/om-cc-device/assets/img/real/phone/267.html]
[localhost/cazoo/wp-content/plugins/om-cc-device/assets/img/real/phone/213.html]
